// Jest Snapshot v1, https://goo.gl/fbAQLP

exports[`<AddTodo /> should render and match the snapshot 1`] = `
<form
  action="submit"
  className="flex items-center justify-between border border-transparent border-b-zinc-600 px-4 py-3"
  onSubmit={[Function]}
>
  <input
    className="w-max rounded-md border border-gray-400 px-4 py-2 text-white"
    data-testid="title-input"
    onChange={[Function]}
    placeholder="Введите текст"
    type="text"
  />
  <button
    className="px-6 py-2 bg-blue-400 rounded-md enabled:hover:brightness-[85%] transition-all duration-200 disabled:bg-gray-400 disabled:text-gray-500 disabled:cursor-not-allowed"
    data-testid="add-button"
    disabled={true}
    type="submit"
  >
    <span
      className="text-[#282828]"
    >
      Добавить
    </span>
  </button>
</form>
`;
